// Jest Snapshot v1, https://goo.gl/fbAQLP

exports[`Search Runs a full search by changing options multiple times 1`] = `
Object {
  "asFragment": [Function],
  "baseElement": <body>
    <div>
      <div
        class="max-w-lg flex p-6 bg-gray-100 mt-10 rounded-lg shadow-md mx-auto"
      >
        <div
          class="pt-1"
        >
          <h1
            class="text-xl text-blue-700 leading-tight"
          >
            What do you want to use up?
          </h1>
          <p
            class="text-base text-gray-700 leading-normal"
          >
            Type in the ingredients you're looking to clear out from your kitchen, select a diet and click search.
          </p>
          <form
            class="mx-auto"
          >
            <div
              class="flex flex-row justify-between"
            >
              <input
                class="rounded-sm border border-gray-600"
                id="search-term"
                name="textInput"
                placeholder="Chicken, rice"
                required=""
                type="text"
              />
              <select
                class="rounded-sm border-gray-600 border"
                data-testid="dietSelect"
                name="dietInput"
              >
                <option
                  value=""
                >
                  Diet
                </option>
                <option
                  value="balanced"
                >
                  Balanced
                </option>
                <option
                  data-testid="highProtein"
                  value="high-protein"
                >
                  High-Protein
                </option>
                <option
                  data-testid="lowCarb"
                  value="low-carb"
                >
                  Low-Carb
                </option>
                <option
                  value="low-fat"
                >
                  Low-Fat
                </option>
              </select>
              <input
                class="rounded-sm border-gray-600 border"
                data-testid="submit"
                type="submit"
                value="Search"
              />
            </div>
            <fieldset>
              <legend
                class="text-lg"
              >
                Optional health choices:
              </legend>
              <div
                class="grid grid-flow-col grid-cols-2 grid-rows-3"
              >
                <div
                  class="inline"
                >
                  <input
                    class="mx-1"
                    data-testid="vegan"
                    id="vegan"
                    name="vegan"
                    type="checkbox"
                    value="vegan"
                  />
                  <label
                    class="text-base text-gray-700 leading-normal"
                    for="vegan"
                  >
                    Vegan
                  </label>
                </div>
                <div
                  class="inline"
                >
                  <input
                    class="mx-1"
                    data-testid="vegetarian"
                    id="vegetarian"
                    name="vegetarian"
                    type="checkbox"
                    value="vegetarian"
                  />
                  <label
                    class="text-base text-gray-700 leading-normal"
                    for="vegetarian"
                  >
                    Vegetarian
                  </label>
                </div>
                <div
                  class="inline"
                >
                  <input
                    class="mx-1"
                    data-testid="sugar-conscious"
                    id="sugar-conscious"
                    name="sugar-conscious"
                    type="checkbox"
                    value="sugar-conscious"
                  />
                  <label
                    class="text-base text-gray-700 leading-normal"
                    for="sugar-conscious"
                  >
                    Sugar Conscious
                  </label>
                </div>
                <div
                  class="inline"
                >
                  <input
                    class="mx-1"
                    data-testid="peanut-free"
                    id="peanut-free"
                    name="peanut-free"
                    type="checkbox"
                    value="peanut-free"
                  />
                  <label
                    class="text-base text-gray-700 leading-normal"
                    for="peanut-free"
                  >
                    Peanut Free
                  </label>
                </div>
                <div
                  class="inline"
                >
                  <input
                    class="mx-1"
                    data-testid="tree-nut-free"
                    id="tree-nut-free"
                    name="tree-nut-free"
                    type="checkbox"
                    value="tree-nut-free"
                  />
                  <label
                    class="text-base text-gray-700 leading-normal"
                    for="tree-nut-free"
                  >
                    Tree-nut Free
                  </label>
                </div>
                <div
                  class="inline"
                >
                  <input
                    class="mx-1"
                    data-testid="alcohol-free"
                    id="alcohol-free"
                    name="alcohol-free"
                    type="checkbox"
                    value="alcohol-free"
                  />
                  <label
                    class="text-base text-gray-700 leading-normal"
                    for="alcohol-free"
                  >
                    Alcohol Free
                  </label>
                </div>
              </div>
            </fieldset>
          </form>
        </div>
      </div>
    </div>
  </body>,
  "container": <div>
    <div
      class="max-w-lg flex p-6 bg-gray-100 mt-10 rounded-lg shadow-md mx-auto"
    >
      <div
        class="pt-1"
      >
        <h1
          class="text-xl text-blue-700 leading-tight"
        >
          What do you want to use up?
        </h1>
        <p
          class="text-base text-gray-700 leading-normal"
        >
          Type in the ingredients you're looking to clear out from your kitchen, select a diet and click search.
        </p>
        <form
          class="mx-auto"
        >
          <div
            class="flex flex-row justify-between"
          >
            <input
              class="rounded-sm border border-gray-600"
              id="search-term"
              name="textInput"
              placeholder="Chicken, rice"
              required=""
              type="text"
            />
            <select
              class="rounded-sm border-gray-600 border"
              data-testid="dietSelect"
              name="dietInput"
            >
              <option
                value=""
              >
                Diet
              </option>
              <option
                value="balanced"
              >
                Balanced
              </option>
              <option
                data-testid="highProtein"
                value="high-protein"
              >
                High-Protein
              </option>
              <option
                data-testid="lowCarb"
                value="low-carb"
              >
                Low-Carb
              </option>
              <option
                value="low-fat"
              >
                Low-Fat
              </option>
            </select>
            <input
              class="rounded-sm border-gray-600 border"
              data-testid="submit"
              type="submit"
              value="Search"
            />
          </div>
          <fieldset>
            <legend
              class="text-lg"
            >
              Optional health choices:
            </legend>
            <div
              class="grid grid-flow-col grid-cols-2 grid-rows-3"
            >
              <div
                class="inline"
              >
                <input
                  class="mx-1"
                  data-testid="vegan"
                  id="vegan"
                  name="vegan"
                  type="checkbox"
                  value="vegan"
                />
                <label
                  class="text-base text-gray-700 leading-normal"
                  for="vegan"
                >
                  Vegan
                </label>
              </div>
              <div
                class="inline"
              >
                <input
                  class="mx-1"
                  data-testid="vegetarian"
                  id="vegetarian"
                  name="vegetarian"
                  type="checkbox"
                  value="vegetarian"
                />
                <label
                  class="text-base text-gray-700 leading-normal"
                  for="vegetarian"
                >
                  Vegetarian
                </label>
              </div>
              <div
                class="inline"
              >
                <input
                  class="mx-1"
                  data-testid="sugar-conscious"
                  id="sugar-conscious"
                  name="sugar-conscious"
                  type="checkbox"
                  value="sugar-conscious"
                />
                <label
                  class="text-base text-gray-700 leading-normal"
                  for="sugar-conscious"
                >
                  Sugar Conscious
                </label>
              </div>
              <div
                class="inline"
              >
                <input
                  class="mx-1"
                  data-testid="peanut-free"
                  id="peanut-free"
                  name="peanut-free"
                  type="checkbox"
                  value="peanut-free"
                />
                <label
                  class="text-base text-gray-700 leading-normal"
                  for="peanut-free"
                >
                  Peanut Free
                </label>
              </div>
              <div
                class="inline"
              >
                <input
                  class="mx-1"
                  data-testid="tree-nut-free"
                  id="tree-nut-free"
                  name="tree-nut-free"
                  type="checkbox"
                  value="tree-nut-free"
                />
                <label
                  class="text-base text-gray-700 leading-normal"
                  for="tree-nut-free"
                >
                  Tree-nut Free
                </label>
              </div>
              <div
                class="inline"
              >
                <input
                  class="mx-1"
                  data-testid="alcohol-free"
                  id="alcohol-free"
                  name="alcohol-free"
                  type="checkbox"
                  value="alcohol-free"
                />
                <label
                  class="text-base text-gray-700 leading-normal"
                  for="alcohol-free"
                >
                  Alcohol Free
                </label>
              </div>
            </div>
          </fieldset>
        </form>
      </div>
    </div>
  </div>,
  "debug": [Function],
  "findAllByAltText": [Function],
  "findAllByDisplayValue": [Function],
  "findAllByLabelText": [Function],
  "findAllByPlaceholderText": [Function],
  "findAllByRole": [Function],
  "findAllByTestId": [Function],
  "findAllByText": [Function],
  "findAllByTitle": [Function],
  "findByAltText": [Function],
  "findByDisplayValue": [Function],
  "findByLabelText": [Function],
  "findByPlaceholderText": [Function],
  "findByRole": [Function],
  "findByTestId": [Function],
  "findByText": [Function],
  "findByTitle": [Function],
  "getAllByAltText": [Function],
  "getAllByDisplayValue": [Function],
  "getAllByLabelText": [Function],
  "getAllByPlaceholderText": [Function],
  "getAllByRole": [Function],
  "getAllByTestId": [Function],
  "getAllByText": [Function],
  "getAllByTitle": [Function],
  "getByAltText": [Function],
  "getByDisplayValue": [Function],
  "getByLabelText": [Function],
  "getByPlaceholderText": [Function],
  "getByRole": [Function],
  "getByTestId": [Function],
  "getByText": [Function],
  "getByTitle": [Function],
  "queryAllByAltText": [Function],
  "queryAllByDisplayValue": [Function],
  "queryAllByLabelText": [Function],
  "queryAllByPlaceholderText": [Function],
  "queryAllByRole": [Function],
  "queryAllByTestId": [Function],
  "queryAllByText": [Function],
  "queryAllByTitle": [Function],
  "queryByAltText": [Function],
  "queryByDisplayValue": [Function],
  "queryByLabelText": [Function],
  "queryByPlaceholderText": [Function],
  "queryByRole": [Function],
  "queryByTestId": [Function],
  "queryByText": [Function],
  "queryByTitle": [Function],
  "rerender": [Function],
  "unmount": [Function],
}
`;
